// Jest Snapshot v1, https://goo.gl/fbAQLP

exports[`Footer renders correctly 1`] = `
<div>
  <div
    class="css-v7su81-dark-dark-boxStyles-boxStyles"
  >
    <footer
      class="css-16rf0on-boxStyles-boxStyles-Footer"
    >
      <div
        class="css-1a1hdgf-boxStyles-boxStyles"
      >
        <nav
          aria-label="footer"
        >
          <ul
            class="css-q7n2pk-boxStyles-boxStyles"
          >
            <li
              class="css-1b13c5y-boxStyles-boxStyles"
            >
              <a
                class="css-1kl9y73-TextLink-TextLink"
                href="/about"
              >
                About
              </a>
            </li>
            <li
              class="css-1b13c5y-boxStyles-boxStyles"
            >
              <a
                class="css-1kl9y73-TextLink-TextLink"
                href="/about/contact-us"
              >
                Contact us
              </a>
            </li>
            <li
              class="css-1b13c5y-boxStyles-boxStyles"
            >
              <a
                class="css-1kl9y73-TextLink-TextLink"
                href="/help"
              >
                Help
              </a>
            </li>
            <li
              class="css-1b13c5y-boxStyles-boxStyles"
            >
              <a
                class="css-1kl9y73-TextLink-TextLink"
                href="https://www.agriculture.gov.au/about/commitment/accessibility"
                rel="external"
              >
                Accessibility
              </a>
            </li>
            <li
              class="css-1b13c5y-boxStyles-boxStyles"
            >
              <a
                class="css-1kl9y73-TextLink-TextLink"
                href="https://www.agriculture.gov.au/about/disclaimer"
                rel="external"
              >
                Disclaimer
              </a>
            </li>
            <li
              class="css-1b13c5y-boxStyles-boxStyles"
            >
              <a
                class="css-1kl9y73-TextLink-TextLink"
                href="/privacy"
              >
                Privacy
              </a>
            </li>
          </ul>
        </nav>
        <hr
          aria-hidden="true"
          class="css-23xxsd-boxStyles-boxStyles-FooterDivider"
        />
        <span
          class="css-a4lzj2-boxStyles-boxStyles"
        >
          We acknowledge the traditional owners of country throughout Australia and recognise their continuing connection to land, waters and culture. We pay our respects to their Elders past, present and emerging.
        </span>
        <span
          class="css-a4lzj2-boxStyles-boxStyles"
        >
          Â© 
          2024
           Department of Agriculture, Fisheries and Forestry
        </span>
      </div>
    </footer>
  </div>
</div>
`;
